[05Sep2026 20:07:32.925] [Test worker/DEBUG] [io.netty.util.internal.logging.InternalLoggerFactory/]: Using SLF4J as the default logging framework
[05Sep2026 20:07:32.931] [Test worker/DEBUG] [io.netty.util.ResourceLeakDetector/]: -Dio.netty.leakDetection.level: simple
[05Sep2026 20:07:32.931] [Test worker/DEBUG] [io.netty.util.ResourceLeakDetector/]: -Dio.netty.leakDetection.targetRecords: 4
[05Sep2026 20:07:32.941] [Test worker/DEBUG] [io.netty.util.internal.PlatformDependent0/]: -Dio.netty.noUnsafe: false
[05Sep2026 20:07:32.941] [Test worker/DEBUG] [io.netty.util.internal.PlatformDependent0/]: Java version: 21
[05Sep2026 20:07:32.942] [Test worker/DEBUG] [io.netty.util.internal.PlatformDependent0/]: sun.misc.Unsafe.theUnsafe: available
[05Sep2026 20:07:32.943] [Test worker/DEBUG] [io.netty.util.internal.PlatformDependent0/]: sun.misc.Unsafe.copyMemory: available
[05Sep2026 20:07:32.944] [Test worker/DEBUG] [io.netty.util.internal.PlatformDependent0/]: sun.misc.Unsafe.storeFence: available
[05Sep2026 20:07:32.944] [Test worker/DEBUG] [io.netty.util.internal.PlatformDependent0/]: java.nio.Buffer.address: available
[05Sep2026 20:07:32.944] [Test worker/DEBUG] [io.netty.util.internal.PlatformDependent0/]: java.nio.Bits.unaligned: available, true
[05Sep2026 20:07:32.945] [Test worker/DEBUG] [io.netty.util.internal.PlatformDependent0/]: java.nio.DirectByteBuffer.<init>(long, {int,long}): unavailable
[05Sep2026 20:07:32.945] [Test worker/DEBUG] [io.netty.util.internal.PlatformDependent/]: sun.misc.Unsafe: available
[05Sep2026 20:07:32.946] [Test worker/DEBUG] [io.netty.util.internal.PlatformDependent/]: maxDirectMemory: 536870912 bytes (maybe)
[05Sep2026 20:07:32.946] [Test worker/DEBUG] [io.netty.util.internal.PlatformDependent/]: -Dio.netty.tmpdir: C:\Windows\Temp (java.io.tmpdir)
[05Sep2026 20:07:32.946] [Test worker/DEBUG] [io.netty.util.internal.PlatformDependent/]: -Dio.netty.bitMode: 64 (sun.arch.data.model)
[05Sep2026 20:07:32.946] [Test worker/DEBUG] [io.netty.util.internal.PlatformDependent/]: Platform: Windows
[05Sep2026 20:07:32.947] [Test worker/DEBUG] [io.netty.util.internal.PlatformDependent/]: -Dio.netty.maxDirectMemory: -1 bytes
[05Sep2026 20:07:32.947] [Test worker/DEBUG] [io.netty.util.internal.PlatformDependent/]: -Dio.netty.uninitializedArrayAllocationThreshold: -1
[05Sep2026 20:07:32.947] [Test worker/DEBUG] [io.netty.util.internal.CleanerJava9/]: java.nio.ByteBuffer.cleaner(): available
[05Sep2026 20:07:32.947] [Test worker/DEBUG] [io.netty.util.internal.PlatformDependent/]: -Dio.netty.noPreferDirect: false
[05Sep2026 20:07:32.951] [Test worker/DEBUG] [io.netty.buffer.AbstractByteBuf/]: -Dio.netty.buffer.checkAccessible: true
[05Sep2026 20:07:32.951] [Test worker/DEBUG] [io.netty.buffer.AbstractByteBuf/]: -Dio.netty.buffer.checkBounds: true
[05Sep2026 20:07:32.952] [Test worker/DEBUG] [io.netty.util.ResourceLeakDetectorFactory/]: Loaded default ResourceLeakDetector: io.netty.util.ResourceLeakDetector@304d0259
[05Sep2026 20:07:32.956] [Test worker/DEBUG] [io.netty.util.internal.InternalThreadLocalMap/]: -Dio.netty.threadLocalMap.stringBuilder.initialSize: 1024
[05Sep2026 20:07:32.956] [Test worker/DEBUG] [io.netty.util.internal.InternalThreadLocalMap/]: -Dio.netty.threadLocalMap.stringBuilder.maxSize: 4096
[05Sep2026 20:07:32.958] [Test worker/DEBUG] [io.netty.buffer.PooledByteBufAllocator/]: -Dio.netty.allocator.numHeapArenas: 21
[05Sep2026 20:07:32.958] [Test worker/DEBUG] [io.netty.buffer.PooledByteBufAllocator/]: -Dio.netty.allocator.numDirectArenas: 21
[05Sep2026 20:07:32.958] [Test worker/DEBUG] [io.netty.buffer.PooledByteBufAllocator/]: -Dio.netty.allocator.pageSize: 8192
[05Sep2026 20:07:32.958] [Test worker/DEBUG] [io.netty.buffer.PooledByteBufAllocator/]: -Dio.netty.allocator.maxOrder: 9
[05Sep2026 20:07:32.958] [Test worker/DEBUG] [io.netty.buffer.PooledByteBufAllocator/]: -Dio.netty.allocator.chunkSize: 4194304
[05Sep2026 20:07:32.958] [Test worker/DEBUG] [io.netty.buffer.PooledByteBufAllocator/]: -Dio.netty.allocator.smallCacheSize: 256
[05Sep2026 20:07:32.958] [Test worker/DEBUG] [io.netty.buffer.PooledByteBufAllocator/]: -Dio.netty.allocator.normalCacheSize: 64
[05Sep2026 20:07:32.958] [Test worker/DEBUG] [io.netty.buffer.PooledByteBufAllocator/]: -Dio.netty.allocator.maxCachedBufferCapacity: 32768
[05Sep2026 20:07:32.958] [Test worker/DEBUG] [io.netty.buffer.PooledByteBufAllocator/]: -Dio.netty.allocator.cacheTrimInterval: 8192
[05Sep2026 20:07:32.958] [Test worker/DEBUG] [io.netty.buffer.PooledByteBufAllocator/]: -Dio.netty.allocator.cacheTrimIntervalMillis: 0
[05Sep2026 20:07:32.958] [Test worker/DEBUG] [io.netty.buffer.PooledByteBufAllocator/]: -Dio.netty.allocator.useCacheForAllThreads: false
[05Sep2026 20:07:32.958] [Test worker/DEBUG] [io.netty.buffer.PooledByteBufAllocator/]: -Dio.netty.allocator.maxCachedByteBuffersPerChunk: 1023
[05Sep2026 20:07:32.964] [Test worker/DEBUG] [io.netty.buffer.ByteBufUtil/]: -Dio.netty.allocator.type: pooled
[05Sep2026 20:07:32.964] [Test worker/DEBUG] [io.netty.buffer.ByteBufUtil/]: -Dio.netty.threadLocalDirectBufferSize: 0
[05Sep2026 20:07:32.964] [Test worker/DEBUG] [io.netty.buffer.ByteBufUtil/]: -Dio.netty.maxThreadLocalCharBufferSize: 16384
[05Sep2026 20:07:33.258] [Test worker/ERROR] [com.orangevillager61.emeraldcapitalism.EmeraldCapitalism/]: [ECAP] Could not decode bank account data: Bank account data exceeds 65536 persisted accounts
[05Sep2026 20:07:33.299] [Test worker/WARN] [com.orangevillager61.emeraldcapitalism.EmeraldCapitalism/]: [ECAP] Skipping duplicate bank account entry for 1e406e1f-873d-4970-b99b-07eea903e735
[05Sep2026 20:07:33.299] [Test worker/WARN] [com.orangevillager61.emeraldcapitalism.EmeraldCapitalism/]: [ECAP] Skipping corrupt bank account entry: Not a number
[05Sep2026 20:07:33.321] [Test worker/ERROR] [com.orangevillager61.emeraldcapitalism.EmeraldCapitalism/]: [ECAP] Could not decode bank reputation data: Bank reputation exceeds 65536 persisted players
[05Sep2026 20:07:33.435] [Test worker/ERROR] [com.orangevillager61.emeraldcapitalism.EmeraldCapitalism/]: [ECAP] Could not decode village farm data: List is too long: 65537, expected range [0-65536]
